// Jest Snapshot v1, https://goo.gl/fbAQLP

exports[`CenterModal component take a snapshot of the mounted component 1`] = `
ShallowWrapper {
  "length": 1,
  Symbol(enzyme.__root__): [Circular],
  Symbol(enzyme.__unrendered__): <CenterModal />,
  Symbol(enzyme.__renderer__): Object {
    "batchedUpdates": [Function],
    "getNode": [Function],
    "render": [Function],
    "simulateEvent": [Function],
    "unmount": [Function],
  },
  Symbol(enzyme.__node__): Object {
    "instance": null,
    "key": undefined,
    "nodeType": "host",
    "props": Object {
      "children": Array [
        <div
          className="modal-content"
        >
          <h4>
            <span>
              Create
            </span>
             Center
          </h4>
          <div
            className="row"
          >
            <Connect(AddCenterForm) />
          </div>
        </div>,
        <div
          className="modal-footer"
        >
          <a
            className="modal-action modal-close waves-effect btn-flat"
          >
            Cancel
          </a>
        </div>,
      ],
      "className": "modal modal-fixed-footer",
      "id": "edit_center_modal",
    },
    "ref": null,
    "rendered": Array [
      Object {
        "instance": null,
        "key": undefined,
        "nodeType": "host",
        "props": Object {
          "children": Array [
            <h4>
              <span>
                Create
              </span>
               Center
            </h4>,
            <div
              className="row"
            >
              <Connect(AddCenterForm) />
            </div>,
          ],
          "className": "modal-content",
        },
        "ref": null,
        "rendered": Array [
          Object {
            "instance": null,
            "key": undefined,
            "nodeType": "host",
            "props": Object {
              "children": Array [
                <span>
                  Create
                </span>,
                " Center",
              ],
            },
            "ref": null,
            "rendered": Array [
              Object {
                "instance": null,
                "key": undefined,
                "nodeType": "host",
                "props": Object {
                  "children": "Create",
                },
                "ref": null,
                "rendered": "Create",
                "type": "span",
              },
              " Center",
            ],
            "type": "h4",
          },
          Object {
            "instance": null,
            "key": undefined,
            "nodeType": "host",
            "props": Object {
              "children": <Connect(AddCenterForm) />,
              "className": "row",
            },
            "ref": null,
            "rendered": Object {
              "instance": null,
              "key": undefined,
              "nodeType": "class",
              "props": Object {},
              "ref": null,
              "rendered": null,
              "type": [Function],
            },
            "type": "div",
          },
        ],
        "type": "div",
      },
      Object {
        "instance": null,
        "key": undefined,
        "nodeType": "host",
        "props": Object {
          "children": <a
            className="modal-action modal-close waves-effect btn-flat"
          >
            Cancel
          </a>,
          "className": "modal-footer",
        },
        "ref": null,
        "rendered": Object {
          "instance": null,
          "key": undefined,
          "nodeType": "host",
          "props": Object {
            "children": "Cancel",
            "className": "modal-action modal-close waves-effect btn-flat",
          },
          "ref": null,
          "rendered": "Cancel",
          "type": "a",
        },
        "type": "div",
      },
    ],
    "type": "div",
  },
  Symbol(enzyme.__nodes__): Array [
    Object {
      "instance": null,
      "key": undefined,
      "nodeType": "host",
      "props": Object {
        "children": Array [
          <div
            className="modal-content"
          >
            <h4>
              <span>
                Create
              </span>
               Center
            </h4>
            <div
              className="row"
            >
              <Connect(AddCenterForm) />
            </div>
          </div>,
          <div
            className="modal-footer"
          >
            <a
              className="modal-action modal-close waves-effect btn-flat"
            >
              Cancel
            </a>
          </div>,
        ],
        "className": "modal modal-fixed-footer",
        "id": "edit_center_modal",
      },
      "ref": null,
      "rendered": Array [
        Object {
          "instance": null,
          "key": undefined,
          "nodeType": "host",
          "props": Object {
            "children": Array [
              <h4>
                <span>
                  Create
                </span>
                 Center
              </h4>,
              <div
                className="row"
              >
                <Connect(AddCenterForm) />
              </div>,
            ],
            "className": "modal-content",
          },
          "ref": null,
          "rendered": Array [
            Object {
              "instance": null,
              "key": undefined,
              "nodeType": "host",
              "props": Object {
                "children": Array [
                  <span>
                    Create
                  </span>,
                  " Center",
                ],
              },
              "ref": null,
              "rendered": Array [
                Object {
                  "instance": null,
                  "key": undefined,
                  "nodeType": "host",
                  "props": Object {
                    "children": "Create",
                  },
                  "ref": null,
                  "rendered": "Create",
                  "type": "span",
                },
                " Center",
              ],
              "type": "h4",
            },
            Object {
              "instance": null,
              "key": undefined,
              "nodeType": "host",
              "props": Object {
                "children": <Connect(AddCenterForm) />,
                "className": "row",
              },
              "ref": null,
              "rendered": Object {
                "instance": null,
                "key": undefined,
                "nodeType": "class",
                "props": Object {},
                "ref": null,
                "rendered": null,
                "type": [Function],
              },
              "type": "div",
            },
          ],
          "type": "div",
        },
        Object {
          "instance": null,
          "key": undefined,
          "nodeType": "host",
          "props": Object {
            "children": <a
              className="modal-action modal-close waves-effect btn-flat"
            >
              Cancel
            </a>,
            "className": "modal-footer",
          },
          "ref": null,
          "rendered": Object {
            "instance": null,
            "key": undefined,
            "nodeType": "host",
            "props": Object {
              "children": "Cancel",
              "className": "modal-action modal-close waves-effect btn-flat",
            },
            "ref": null,
            "rendered": "Cancel",
            "type": "a",
          },
          "type": "div",
        },
      ],
      "type": "div",
    },
  ],
  Symbol(enzyme.__options__): Object {
    "adapter": ReactSixteenAdapter {
      "options": Object {
        "enableComponentDidUpdateOnSetState": true,
      },
    },
  },
}
`;
