// Jest Snapshot v1, https://goo.gl/fbAQLP

exports[`AllCenters component that component mounted successfully 1`] = `
ShallowWrapper {
  "length": 1,
  Symbol(enzyme.__root__): [Circular],
  Symbol(enzyme.__unrendered__): <AllCenters
    centerStore={
      Object {
        "centers": Array [],
        "loadingmore": false,
        "loadmore": false,
        "meta": Object {
          "page": 1,
          "pageCount": 2,
          "pageSize": 5,
          "totalCount": 9,
        },
      }
    }
    fetchCentersAction={[Function]}
    history={
      Object {
        "push": [Function],
      }
    }
    loadMoreCenters={[Function]}
    location={
      Object {
        "search": Object {
          "location": "",
        },
      }
    }
    searchAction={[MockFunction]}
  />,
  Symbol(enzyme.__renderer__): Object {
    "batchedUpdates": [Function],
    "getNode": [Function],
    "render": [Function],
    "simulateEvent": [Function],
    "unmount": [Function],
  },
  Symbol(enzyme.__node__): Object {
    "instance": null,
    "key": undefined,
    "nodeType": "host",
    "props": Object {
      "children": <div
        className="center__holdr"
      >
        <div
          className="row relative"
        >
          <div
            className="col s12 l12"
            style={
              Object {
                "marginBottom": "60px",
              }
            }
          >
            <h4
              className="center-align"
            >
              Boots Centers
            </h4>
            <div
              className="center-align search-faster-form full-width"
            >
              <SearchFasterForm
                onSearch={[Function]}
              />
            </div>
            <div
              className="row"
            >
              <div
                className="col s12 cards-container"
              />
              <h4
                className="bold grey-text lighten-2 center-align"
              >
                <p>
                  No centers Available....
                </p>
              </h4>
              <button
                className="col offset-s3 s6 btn waves-effect gradient__bg"
                onClick={[Function]}
              >
                load more
              </button>
            </div>
          </div>
        </div>
      </div>,
      "className": "container",
    },
    "ref": null,
    "rendered": Object {
      "instance": null,
      "key": undefined,
      "nodeType": "host",
      "props": Object {
        "children": <div
          className="row relative"
        >
          <div
            className="col s12 l12"
            style={
              Object {
                "marginBottom": "60px",
              }
            }
          >
            <h4
              className="center-align"
            >
              Boots Centers
            </h4>
            <div
              className="center-align search-faster-form full-width"
            >
              <SearchFasterForm
                onSearch={[Function]}
              />
            </div>
            <div
              className="row"
            >
              <div
                className="col s12 cards-container"
              />
              <h4
                className="bold grey-text lighten-2 center-align"
              >
                <p>
                  No centers Available....
                </p>
              </h4>
              <button
                className="col offset-s3 s6 btn waves-effect gradient__bg"
                onClick={[Function]}
              >
                load more
              </button>
            </div>
          </div>
        </div>,
        "className": "center__holdr",
      },
      "ref": null,
      "rendered": Object {
        "instance": null,
        "key": undefined,
        "nodeType": "host",
        "props": Object {
          "children": <div
            className="col s12 l12"
            style={
              Object {
                "marginBottom": "60px",
              }
            }
          >
            <h4
              className="center-align"
            >
              Boots Centers
            </h4>
            <div
              className="center-align search-faster-form full-width"
            >
              <SearchFasterForm
                onSearch={[Function]}
              />
            </div>
            <div
              className="row"
            >
              <div
                className="col s12 cards-container"
              />
              <h4
                className="bold grey-text lighten-2 center-align"
              >
                <p>
                  No centers Available....
                </p>
              </h4>
              <button
                className="col offset-s3 s6 btn waves-effect gradient__bg"
                onClick={[Function]}
              >
                load more
              </button>
            </div>
          </div>,
          "className": "row relative",
        },
        "ref": null,
        "rendered": Object {
          "instance": null,
          "key": undefined,
          "nodeType": "host",
          "props": Object {
            "children": Array [
              <h4
                className="center-align"
              >
                Boots Centers
              </h4>,
              <div
                className="center-align search-faster-form full-width"
              >
                <SearchFasterForm
                  onSearch={[Function]}
                />
              </div>,
              <div
                className="row"
              >
                <div
                  className="col s12 cards-container"
                />
                <h4
                  className="bold grey-text lighten-2 center-align"
                >
                  <p>
                    No centers Available....
                  </p>
                </h4>
                <button
                  className="col offset-s3 s6 btn waves-effect gradient__bg"
                  onClick={[Function]}
                >
                  load more
                </button>
              </div>,
            ],
            "className": "col s12 l12",
            "style": Object {
              "marginBottom": "60px",
            },
          },
          "ref": null,
          "rendered": Array [
            Object {
              "instance": null,
              "key": undefined,
              "nodeType": "host",
              "props": Object {
                "children": "Boots Centers",
                "className": "center-align",
              },
              "ref": null,
              "rendered": "Boots Centers",
              "type": "h4",
            },
            Object {
              "instance": null,
              "key": undefined,
              "nodeType": "host",
              "props": Object {
                "children": <SearchFasterForm
                  onSearch={[Function]}
                />,
                "className": "center-align search-faster-form full-width",
              },
              "ref": null,
              "rendered": Object {
                "instance": null,
                "key": undefined,
                "nodeType": "class",
                "props": Object {
                  "onSearch": [Function],
                },
                "ref": null,
                "rendered": null,
                "type": [Function],
              },
              "type": "div",
            },
            Object {
              "instance": null,
              "key": undefined,
              "nodeType": "host",
              "props": Object {
                "children": Array [
                  <div
                    className="col s12 cards-container"
                  />,
                  <h4
                    className="bold grey-text lighten-2 center-align"
                  >
                    <p>
                      No centers Available....
                    </p>
                  </h4>,
                  <button
                    className="col offset-s3 s6 btn waves-effect gradient__bg"
                    onClick={[Function]}
                  >
                    load more
                  </button>,
                ],
                "className": "row",
              },
              "ref": null,
              "rendered": Array [
                Object {
                  "instance": null,
                  "key": undefined,
                  "nodeType": "host",
                  "props": Object {
                    "children": Array [],
                    "className": "col s12 cards-container",
                  },
                  "ref": null,
                  "rendered": Array [],
                  "type": "div",
                },
                Object {
                  "instance": null,
                  "key": undefined,
                  "nodeType": "host",
                  "props": Object {
                    "children": <p>
                      No centers Available....
                    </p>,
                    "className": "bold grey-text lighten-2 center-align",
                  },
                  "ref": null,
                  "rendered": Object {
                    "instance": null,
                    "key": undefined,
                    "nodeType": "host",
                    "props": Object {
                      "children": "No centers Available....",
                    },
                    "ref": null,
                    "rendered": "No centers Available....",
                    "type": "p",
                  },
                  "type": "h4",
                },
                Object {
                  "instance": null,
                  "key": undefined,
                  "nodeType": "host",
                  "props": Object {
                    "children": "load more",
                    "className": "col offset-s3 s6 btn waves-effect gradient__bg",
                    "onClick": [Function],
                  },
                  "ref": null,
                  "rendered": "load more",
                  "type": "button",
                },
              ],
              "type": "div",
            },
          ],
          "type": "div",
        },
        "type": "div",
      },
      "type": "div",
    },
    "type": "div",
  },
  Symbol(enzyme.__nodes__): Array [
    Object {
      "instance": null,
      "key": undefined,
      "nodeType": "host",
      "props": Object {
        "children": <div
          className="center__holdr"
        >
          <div
            className="row relative"
          >
            <div
              className="col s12 l12"
              style={
                Object {
                  "marginBottom": "60px",
                }
              }
            >
              <h4
                className="center-align"
              >
                Boots Centers
              </h4>
              <div
                className="center-align search-faster-form full-width"
              >
                <SearchFasterForm
                  onSearch={[Function]}
                />
              </div>
              <div
                className="row"
              >
                <div
                  className="col s12 cards-container"
                />
                <h4
                  className="bold grey-text lighten-2 center-align"
                >
                  <p>
                    No centers Available....
                  </p>
                </h4>
                <button
                  className="col offset-s3 s6 btn waves-effect gradient__bg"
                  onClick={[Function]}
                >
                  load more
                </button>
              </div>
            </div>
          </div>
        </div>,
        "className": "container",
      },
      "ref": null,
      "rendered": Object {
        "instance": null,
        "key": undefined,
        "nodeType": "host",
        "props": Object {
          "children": <div
            className="row relative"
          >
            <div
              className="col s12 l12"
              style={
                Object {
                  "marginBottom": "60px",
                }
              }
            >
              <h4
                className="center-align"
              >
                Boots Centers
              </h4>
              <div
                className="center-align search-faster-form full-width"
              >
                <SearchFasterForm
                  onSearch={[Function]}
                />
              </div>
              <div
                className="row"
              >
                <div
                  className="col s12 cards-container"
                />
                <h4
                  className="bold grey-text lighten-2 center-align"
                >
                  <p>
                    No centers Available....
                  </p>
                </h4>
                <button
                  className="col offset-s3 s6 btn waves-effect gradient__bg"
                  onClick={[Function]}
                >
                  load more
                </button>
              </div>
            </div>
          </div>,
          "className": "center__holdr",
        },
        "ref": null,
        "rendered": Object {
          "instance": null,
          "key": undefined,
          "nodeType": "host",
          "props": Object {
            "children": <div
              className="col s12 l12"
              style={
                Object {
                  "marginBottom": "60px",
                }
              }
            >
              <h4
                className="center-align"
              >
                Boots Centers
              </h4>
              <div
                className="center-align search-faster-form full-width"
              >
                <SearchFasterForm
                  onSearch={[Function]}
                />
              </div>
              <div
                className="row"
              >
                <div
                  className="col s12 cards-container"
                />
                <h4
                  className="bold grey-text lighten-2 center-align"
                >
                  <p>
                    No centers Available....
                  </p>
                </h4>
                <button
                  className="col offset-s3 s6 btn waves-effect gradient__bg"
                  onClick={[Function]}
                >
                  load more
                </button>
              </div>
            </div>,
            "className": "row relative",
          },
          "ref": null,
          "rendered": Object {
            "instance": null,
            "key": undefined,
            "nodeType": "host",
            "props": Object {
              "children": Array [
                <h4
                  className="center-align"
                >
                  Boots Centers
                </h4>,
                <div
                  className="center-align search-faster-form full-width"
                >
                  <SearchFasterForm
                    onSearch={[Function]}
                  />
                </div>,
                <div
                  className="row"
                >
                  <div
                    className="col s12 cards-container"
                  />
                  <h4
                    className="bold grey-text lighten-2 center-align"
                  >
                    <p>
                      No centers Available....
                    </p>
                  </h4>
                  <button
                    className="col offset-s3 s6 btn waves-effect gradient__bg"
                    onClick={[Function]}
                  >
                    load more
                  </button>
                </div>,
              ],
              "className": "col s12 l12",
              "style": Object {
                "marginBottom": "60px",
              },
            },
            "ref": null,
            "rendered": Array [
              Object {
                "instance": null,
                "key": undefined,
                "nodeType": "host",
                "props": Object {
                  "children": "Boots Centers",
                  "className": "center-align",
                },
                "ref": null,
                "rendered": "Boots Centers",
                "type": "h4",
              },
              Object {
                "instance": null,
                "key": undefined,
                "nodeType": "host",
                "props": Object {
                  "children": <SearchFasterForm
                    onSearch={[Function]}
                  />,
                  "className": "center-align search-faster-form full-width",
                },
                "ref": null,
                "rendered": Object {
                  "instance": null,
                  "key": undefined,
                  "nodeType": "class",
                  "props": Object {
                    "onSearch": [Function],
                  },
                  "ref": null,
                  "rendered": null,
                  "type": [Function],
                },
                "type": "div",
              },
              Object {
                "instance": null,
                "key": undefined,
                "nodeType": "host",
                "props": Object {
                  "children": Array [
                    <div
                      className="col s12 cards-container"
                    />,
                    <h4
                      className="bold grey-text lighten-2 center-align"
                    >
                      <p>
                        No centers Available....
                      </p>
                    </h4>,
                    <button
                      className="col offset-s3 s6 btn waves-effect gradient__bg"
                      onClick={[Function]}
                    >
                      load more
                    </button>,
                  ],
                  "className": "row",
                },
                "ref": null,
                "rendered": Array [
                  Object {
                    "instance": null,
                    "key": undefined,
                    "nodeType": "host",
                    "props": Object {
                      "children": Array [],
                      "className": "col s12 cards-container",
                    },
                    "ref": null,
                    "rendered": Array [],
                    "type": "div",
                  },
                  Object {
                    "instance": null,
                    "key": undefined,
                    "nodeType": "host",
                    "props": Object {
                      "children": <p>
                        No centers Available....
                      </p>,
                      "className": "bold grey-text lighten-2 center-align",
                    },
                    "ref": null,
                    "rendered": Object {
                      "instance": null,
                      "key": undefined,
                      "nodeType": "host",
                      "props": Object {
                        "children": "No centers Available....",
                      },
                      "ref": null,
                      "rendered": "No centers Available....",
                      "type": "p",
                    },
                    "type": "h4",
                  },
                  Object {
                    "instance": null,
                    "key": undefined,
                    "nodeType": "host",
                    "props": Object {
                      "children": "load more",
                      "className": "col offset-s3 s6 btn waves-effect gradient__bg",
                      "onClick": [Function],
                    },
                    "ref": null,
                    "rendered": "load more",
                    "type": "button",
                  },
                ],
                "type": "div",
              },
            ],
            "type": "div",
          },
          "type": "div",
        },
        "type": "div",
      },
      "type": "div",
    },
  ],
  Symbol(enzyme.__options__): Object {
    "adapter": ReactSixteenAdapter {
      "options": Object {
        "enableComponentDidUpdateOnSetState": true,
      },
    },
  },
}
`;
