// Jest Snapshot v1, https://goo.gl/fbAQLP

exports[`Authentication footer Component make a snapshot of the AuthFooter component 1`] = `
ShallowWrapper {
  "length": 1,
  Symbol(enzyme.__root__): [Circular],
  Symbol(enzyme.__unrendered__): <AuthFooter />,
  Symbol(enzyme.__renderer__): Object {
    "batchedUpdates": [Function],
    "getNode": [Function],
    "render": [Function],
    "simulateEvent": [Function],
    "unmount": [Function],
  },
  Symbol(enzyme.__node__): Object {
    "instance": null,
    "key": undefined,
    "nodeType": "host",
    "props": Object {
      "children": <div
        className="container"
      >
        <div
          className="center-align"
        >
          <span>
             
            © 2017, All rights reserved.
             
            <Link
              href="/"
              replace={false}
              to="/"
            >
              Boots Events Manager
            </Link>
          </span>
        </div>
      </div>,
      "className": "auth__footer footer",
    },
    "ref": null,
    "rendered": Object {
      "instance": null,
      "key": undefined,
      "nodeType": "host",
      "props": Object {
        "children": <div
          className="center-align"
        >
          <span>
             
            © 2017, All rights reserved.
             
            <Link
              href="/"
              replace={false}
              to="/"
            >
              Boots Events Manager
            </Link>
          </span>
        </div>,
        "className": "container",
      },
      "ref": null,
      "rendered": Object {
        "instance": null,
        "key": undefined,
        "nodeType": "host",
        "props": Object {
          "children": <span>
             
            © 2017, All rights reserved.
             
            <Link
              href="/"
              replace={false}
              to="/"
            >
              Boots Events Manager
            </Link>
          </span>,
          "className": "center-align",
        },
        "ref": null,
        "rendered": Object {
          "instance": null,
          "key": undefined,
          "nodeType": "host",
          "props": Object {
            "children": Array [
              " ",
              "© 2017, All rights reserved.",
              " ",
              <Link
                href="/"
                replace={false}
                to="/"
              >
                Boots Events Manager
              </Link>,
            ],
          },
          "ref": null,
          "rendered": Array [
            " ",
            "© 2017, All rights reserved.",
            " ",
            Object {
              "instance": null,
              "key": undefined,
              "nodeType": "class",
              "props": Object {
                "children": "Boots Events Manager",
                "href": "/",
                "replace": false,
                "to": "/",
              },
              "ref": null,
              "rendered": "Boots Events Manager",
              "type": [Function],
            },
          ],
          "type": "span",
        },
        "type": "div",
      },
      "type": "div",
    },
    "type": "div",
  },
  Symbol(enzyme.__nodes__): Array [
    Object {
      "instance": null,
      "key": undefined,
      "nodeType": "host",
      "props": Object {
        "children": <div
          className="container"
        >
          <div
            className="center-align"
          >
            <span>
               
              © 2017, All rights reserved.
               
              <Link
                href="/"
                replace={false}
                to="/"
              >
                Boots Events Manager
              </Link>
            </span>
          </div>
        </div>,
        "className": "auth__footer footer",
      },
      "ref": null,
      "rendered": Object {
        "instance": null,
        "key": undefined,
        "nodeType": "host",
        "props": Object {
          "children": <div
            className="center-align"
          >
            <span>
               
              © 2017, All rights reserved.
               
              <Link
                href="/"
                replace={false}
                to="/"
              >
                Boots Events Manager
              </Link>
            </span>
          </div>,
          "className": "container",
        },
        "ref": null,
        "rendered": Object {
          "instance": null,
          "key": undefined,
          "nodeType": "host",
          "props": Object {
            "children": <span>
               
              © 2017, All rights reserved.
               
              <Link
                href="/"
                replace={false}
                to="/"
              >
                Boots Events Manager
              </Link>
            </span>,
            "className": "center-align",
          },
          "ref": null,
          "rendered": Object {
            "instance": null,
            "key": undefined,
            "nodeType": "host",
            "props": Object {
              "children": Array [
                " ",
                "© 2017, All rights reserved.",
                " ",
                <Link
                  href="/"
                  replace={false}
                  to="/"
                >
                  Boots Events Manager
                </Link>,
              ],
            },
            "ref": null,
            "rendered": Array [
              " ",
              "© 2017, All rights reserved.",
              " ",
              Object {
                "instance": null,
                "key": undefined,
                "nodeType": "class",
                "props": Object {
                  "children": "Boots Events Manager",
                  "href": "/",
                  "replace": false,
                  "to": "/",
                },
                "ref": null,
                "rendered": "Boots Events Manager",
                "type": [Function],
              },
            ],
            "type": "span",
          },
          "type": "div",
        },
        "type": "div",
      },
      "type": "div",
    },
  ],
  Symbol(enzyme.__options__): Object {
    "adapter": ReactSixteenAdapter {
      "options": Object {
        "enableComponentDidUpdateOnSetState": true,
      },
    },
  },
}
`;
