// Jest Snapshot v1, https://goo.gl/fbAQLP

exports[`Authentication Header Component make a snapshot of the AuthHeader component 1`] = `
ShallowWrapper {
  "length": 1,
  Symbol(enzyme.__root__): [Circular],
  Symbol(enzyme.__unrendered__): <AuthHeader />,
  Symbol(enzyme.__renderer__): Object {
    "batchedUpdates": [Function],
    "getNode": [Function],
    "render": [Function],
    "simulateEvent": [Function],
    "unmount": [Function],
  },
  Symbol(enzyme.__node__): Object {
    "instance": null,
    "key": undefined,
    "nodeType": "host",
    "props": Object {
      "children": <div
        className="container"
      >
        <div
          className="nav-wrapper"
        >
          <Link
            className="brand-logo center logo"
            href="/"
            replace={false}
            to="/"
          >
            <p>
              Boots EM
            </p>
          </Link>
        </div>
      </div>,
      "className": "wow fadeInDown black-text gradient__bg",
    },
    "ref": null,
    "rendered": Object {
      "instance": null,
      "key": undefined,
      "nodeType": "host",
      "props": Object {
        "children": <div
          className="nav-wrapper"
        >
          <Link
            className="brand-logo center logo"
            href="/"
            replace={false}
            to="/"
          >
            <p>
              Boots EM
            </p>
          </Link>
        </div>,
        "className": "container",
      },
      "ref": null,
      "rendered": Object {
        "instance": null,
        "key": undefined,
        "nodeType": "host",
        "props": Object {
          "children": <Link
            className="brand-logo center logo"
            href="/"
            replace={false}
            to="/"
          >
            <p>
              Boots EM
            </p>
          </Link>,
          "className": "nav-wrapper",
        },
        "ref": null,
        "rendered": Object {
          "instance": null,
          "key": undefined,
          "nodeType": "class",
          "props": Object {
            "children": <p>
              Boots EM
            </p>,
            "className": "brand-logo center logo",
            "href": "/",
            "replace": false,
            "to": "/",
          },
          "ref": null,
          "rendered": Object {
            "instance": null,
            "key": undefined,
            "nodeType": "host",
            "props": Object {
              "children": "Boots EM",
            },
            "ref": null,
            "rendered": "Boots EM",
            "type": "p",
          },
          "type": [Function],
        },
        "type": "div",
      },
      "type": "div",
    },
    "type": "nav",
  },
  Symbol(enzyme.__nodes__): Array [
    Object {
      "instance": null,
      "key": undefined,
      "nodeType": "host",
      "props": Object {
        "children": <div
          className="container"
        >
          <div
            className="nav-wrapper"
          >
            <Link
              className="brand-logo center logo"
              href="/"
              replace={false}
              to="/"
            >
              <p>
                Boots EM
              </p>
            </Link>
          </div>
        </div>,
        "className": "wow fadeInDown black-text gradient__bg",
      },
      "ref": null,
      "rendered": Object {
        "instance": null,
        "key": undefined,
        "nodeType": "host",
        "props": Object {
          "children": <div
            className="nav-wrapper"
          >
            <Link
              className="brand-logo center logo"
              href="/"
              replace={false}
              to="/"
            >
              <p>
                Boots EM
              </p>
            </Link>
          </div>,
          "className": "container",
        },
        "ref": null,
        "rendered": Object {
          "instance": null,
          "key": undefined,
          "nodeType": "host",
          "props": Object {
            "children": <Link
              className="brand-logo center logo"
              href="/"
              replace={false}
              to="/"
            >
              <p>
                Boots EM
              </p>
            </Link>,
            "className": "nav-wrapper",
          },
          "ref": null,
          "rendered": Object {
            "instance": null,
            "key": undefined,
            "nodeType": "class",
            "props": Object {
              "children": <p>
                Boots EM
              </p>,
              "className": "brand-logo center logo",
              "href": "/",
              "replace": false,
              "to": "/",
            },
            "ref": null,
            "rendered": Object {
              "instance": null,
              "key": undefined,
              "nodeType": "host",
              "props": Object {
                "children": "Boots EM",
              },
              "ref": null,
              "rendered": "Boots EM",
              "type": "p",
            },
            "type": [Function],
          },
          "type": "div",
        },
        "type": "div",
      },
      "type": "nav",
    },
  ],
  Symbol(enzyme.__options__): Object {
    "adapter": ReactSixteenAdapter {
      "options": Object {
        "enableComponentDidUpdateOnSetState": true,
      },
    },
  },
}
`;
