// Jest Snapshot v1, https://goo.gl/fbAQLP

exports[`FloatingActionButton component FloatingActionButton component should mount 1`] = `
ShallowWrapper {
  "length": 1,
  Symbol(enzyme.__root__): [Circular],
  Symbol(enzyme.__unrendered__): <FloatingActionButton
    activeState={
      Object {
        "isAuthenticated": true,
        "user": Object {
          "id": 1,
          "role": true,
        },
      }
    }
  />,
  Symbol(enzyme.__renderer__): Object {
    "batchedUpdates": [Function],
    "getNode": [Function],
    "render": [Function],
    "simulateEvent": [Function],
    "unmount": [Function],
  },
  Symbol(enzyme.__node__): Object {
    "instance": null,
    "key": undefined,
    "nodeType": "host",
    "props": Object {
      "children": <a
        className="tooltipped modal-trigger btn-largebtn-floating pulse green lighten-1"
        data-position="top"
        data-tooltip="Add Center"
        href="#edit_center_modal"
      >
        <i
          className="material-icons"
        >
          add
        </i>
      </a>,
      "className": "fixed-action-btn wow zoomIn",
    },
    "ref": null,
    "rendered": Object {
      "instance": null,
      "key": undefined,
      "nodeType": "host",
      "props": Object {
        "children": <i
          className="material-icons"
        >
          add
        </i>,
        "className": "tooltipped modal-trigger btn-largebtn-floating pulse green lighten-1",
        "data-position": "top",
        "data-tooltip": "Add Center",
        "href": "#edit_center_modal",
      },
      "ref": null,
      "rendered": Object {
        "instance": null,
        "key": undefined,
        "nodeType": "host",
        "props": Object {
          "children": "add",
          "className": "material-icons",
        },
        "ref": null,
        "rendered": "add",
        "type": "i",
      },
      "type": "a",
    },
    "type": "div",
  },
  Symbol(enzyme.__nodes__): Array [
    Object {
      "instance": null,
      "key": undefined,
      "nodeType": "host",
      "props": Object {
        "children": <a
          className="tooltipped modal-trigger btn-largebtn-floating pulse green lighten-1"
          data-position="top"
          data-tooltip="Add Center"
          href="#edit_center_modal"
        >
          <i
            className="material-icons"
          >
            add
          </i>
        </a>,
        "className": "fixed-action-btn wow zoomIn",
      },
      "ref": null,
      "rendered": Object {
        "instance": null,
        "key": undefined,
        "nodeType": "host",
        "props": Object {
          "children": <i
            className="material-icons"
          >
            add
          </i>,
          "className": "tooltipped modal-trigger btn-largebtn-floating pulse green lighten-1",
          "data-position": "top",
          "data-tooltip": "Add Center",
          "href": "#edit_center_modal",
        },
        "ref": null,
        "rendered": Object {
          "instance": null,
          "key": undefined,
          "nodeType": "host",
          "props": Object {
            "children": "add",
            "className": "material-icons",
          },
          "ref": null,
          "rendered": "add",
          "type": "i",
        },
        "type": "a",
      },
      "type": "div",
    },
  ],
  Symbol(enzyme.__options__): Object {
    "adapter": ReactSixteenAdapter {
      "options": Object {
        "enableComponentDidUpdateOnSetState": true,
      },
    },
  },
}
`;
