// Jest Snapshot v1, https://goo.gl/fbAQLP

exports[`Authentication Sign In Component make a snapshot of the SignIn component 1`] = `
ShallowWrapper {
  "length": 1,
  Symbol(enzyme.__root__): [Circular],
  Symbol(enzyme.__unrendered__): <SignIn />,
  Symbol(enzyme.__renderer__): Object {
    "batchedUpdates": [Function],
    "getNode": [Function],
    "render": [Function],
    "simulateEvent": [Function],
    "unmount": [Function],
  },
  Symbol(enzyme.__node__): Object {
    "instance": null,
    "key": undefined,
    "nodeType": "class",
    "props": Object {
      "children": <div>
        <AuthHeader />
        <div
          className="signin__card_holdr wow fadeInUp"
        >
          <div
            className="container"
          >
            <div
              className="row"
            >
              <Connect(SignInForm) />
            </div>
          </div>
        </div>
        <div
          className="empty"
        />
        <AuthFooter />
      </div>,
      "title": "Sign In | Boots Events Manager",
    },
    "ref": null,
    "rendered": Object {
      "instance": null,
      "key": undefined,
      "nodeType": "host",
      "props": Object {
        "children": Array [
          <AuthHeader />,
          <div
            className="signin__card_holdr wow fadeInUp"
          >
            <div
              className="container"
            >
              <div
                className="row"
              >
                <Connect(SignInForm) />
              </div>
            </div>
          </div>,
          <div
            className="empty"
          />,
          <AuthFooter />,
        ],
      },
      "ref": null,
      "rendered": Array [
        Object {
          "instance": null,
          "key": undefined,
          "nodeType": "class",
          "props": Object {},
          "ref": null,
          "rendered": null,
          "type": [Function],
        },
        Object {
          "instance": null,
          "key": undefined,
          "nodeType": "host",
          "props": Object {
            "children": <div
              className="container"
            >
              <div
                className="row"
              >
                <Connect(SignInForm) />
              </div>
            </div>,
            "className": "signin__card_holdr wow fadeInUp",
          },
          "ref": null,
          "rendered": Object {
            "instance": null,
            "key": undefined,
            "nodeType": "host",
            "props": Object {
              "children": <div
                className="row"
              >
                <Connect(SignInForm) />
              </div>,
              "className": "container",
            },
            "ref": null,
            "rendered": Object {
              "instance": null,
              "key": undefined,
              "nodeType": "host",
              "props": Object {
                "children": <Connect(SignInForm) />,
                "className": "row",
              },
              "ref": null,
              "rendered": Object {
                "instance": null,
                "key": undefined,
                "nodeType": "class",
                "props": Object {},
                "ref": null,
                "rendered": null,
                "type": [Function],
              },
              "type": "div",
            },
            "type": "div",
          },
          "type": "div",
        },
        Object {
          "instance": null,
          "key": undefined,
          "nodeType": "host",
          "props": Object {
            "className": "empty",
          },
          "ref": null,
          "rendered": null,
          "type": "div",
        },
        Object {
          "instance": null,
          "key": undefined,
          "nodeType": "class",
          "props": Object {},
          "ref": null,
          "rendered": null,
          "type": [Function],
        },
      ],
      "type": "div",
    },
    "type": [Function],
  },
  Symbol(enzyme.__nodes__): Array [
    Object {
      "instance": null,
      "key": undefined,
      "nodeType": "class",
      "props": Object {
        "children": <div>
          <AuthHeader />
          <div
            className="signin__card_holdr wow fadeInUp"
          >
            <div
              className="container"
            >
              <div
                className="row"
              >
                <Connect(SignInForm) />
              </div>
            </div>
          </div>
          <div
            className="empty"
          />
          <AuthFooter />
        </div>,
        "title": "Sign In | Boots Events Manager",
      },
      "ref": null,
      "rendered": Object {
        "instance": null,
        "key": undefined,
        "nodeType": "host",
        "props": Object {
          "children": Array [
            <AuthHeader />,
            <div
              className="signin__card_holdr wow fadeInUp"
            >
              <div
                className="container"
              >
                <div
                  className="row"
                >
                  <Connect(SignInForm) />
                </div>
              </div>
            </div>,
            <div
              className="empty"
            />,
            <AuthFooter />,
          ],
        },
        "ref": null,
        "rendered": Array [
          Object {
            "instance": null,
            "key": undefined,
            "nodeType": "class",
            "props": Object {},
            "ref": null,
            "rendered": null,
            "type": [Function],
          },
          Object {
            "instance": null,
            "key": undefined,
            "nodeType": "host",
            "props": Object {
              "children": <div
                className="container"
              >
                <div
                  className="row"
                >
                  <Connect(SignInForm) />
                </div>
              </div>,
              "className": "signin__card_holdr wow fadeInUp",
            },
            "ref": null,
            "rendered": Object {
              "instance": null,
              "key": undefined,
              "nodeType": "host",
              "props": Object {
                "children": <div
                  className="row"
                >
                  <Connect(SignInForm) />
                </div>,
                "className": "container",
              },
              "ref": null,
              "rendered": Object {
                "instance": null,
                "key": undefined,
                "nodeType": "host",
                "props": Object {
                  "children": <Connect(SignInForm) />,
                  "className": "row",
                },
                "ref": null,
                "rendered": Object {
                  "instance": null,
                  "key": undefined,
                  "nodeType": "class",
                  "props": Object {},
                  "ref": null,
                  "rendered": null,
                  "type": [Function],
                },
                "type": "div",
              },
              "type": "div",
            },
            "type": "div",
          },
          Object {
            "instance": null,
            "key": undefined,
            "nodeType": "host",
            "props": Object {
              "className": "empty",
            },
            "ref": null,
            "rendered": null,
            "type": "div",
          },
          Object {
            "instance": null,
            "key": undefined,
            "nodeType": "class",
            "props": Object {},
            "ref": null,
            "rendered": null,
            "type": [Function],
          },
        ],
        "type": "div",
      },
      "type": [Function],
    },
  ],
  Symbol(enzyme.__options__): Object {
    "adapter": ReactSixteenAdapter {
      "options": Object {
        "enableComponentDidUpdateOnSetState": true,
      },
    },
  },
}
`;
