// Jest Snapshot v1, https://goo.gl/fbAQLP

exports[`IndexCenterCardHolder component IndexCenterCardHolder component should mount 1`] = `
ShallowWrapper {
  "length": 1,
  Symbol(enzyme.__root__): [Circular],
  Symbol(enzyme.__unrendered__): <IndexCenterCardHolder
    centerStore={
      Object {
        "centers": Array [],
      }
    }
    fetchCentersAction={[Function]}
    loadMoreCenters={[Function]}
  />,
  Symbol(enzyme.__renderer__): Object {
    "batchedUpdates": [Function],
    "getNode": [Function],
    "render": [Function],
    "simulateEvent": [Function],
    "unmount": [Function],
  },
  Symbol(enzyme.__node__): Object {
    "instance": null,
    "key": undefined,
    "nodeType": "host",
    "props": Object {
      "children": <div
        className="container popular__events"
      >
        <div
          style={
            Object {
              "height": "500px",
              "marginTop": "100px",
            }
          }
        >
          <CircularLoader />
        </div>
      </div>,
      "className": "popular__events_holdr",
    },
    "ref": null,
    "rendered": Object {
      "instance": null,
      "key": undefined,
      "nodeType": "host",
      "props": Object {
        "children": <div
          style={
            Object {
              "height": "500px",
              "marginTop": "100px",
            }
          }
        >
          <CircularLoader />
        </div>,
        "className": "container popular__events",
      },
      "ref": null,
      "rendered": Object {
        "instance": null,
        "key": undefined,
        "nodeType": "host",
        "props": Object {
          "children": <CircularLoader />,
          "style": Object {
            "height": "500px",
            "marginTop": "100px",
          },
        },
        "ref": null,
        "rendered": Object {
          "instance": null,
          "key": undefined,
          "nodeType": "function",
          "props": Object {},
          "ref": null,
          "rendered": null,
          "type": [Function],
        },
        "type": "div",
      },
      "type": "div",
    },
    "type": "div",
  },
  Symbol(enzyme.__nodes__): Array [
    Object {
      "instance": null,
      "key": undefined,
      "nodeType": "host",
      "props": Object {
        "children": <div
          className="container popular__events"
        >
          <div
            style={
              Object {
                "height": "500px",
                "marginTop": "100px",
              }
            }
          >
            <CircularLoader />
          </div>
        </div>,
        "className": "popular__events_holdr",
      },
      "ref": null,
      "rendered": Object {
        "instance": null,
        "key": undefined,
        "nodeType": "host",
        "props": Object {
          "children": <div
            style={
              Object {
                "height": "500px",
                "marginTop": "100px",
              }
            }
          >
            <CircularLoader />
          </div>,
          "className": "container popular__events",
        },
        "ref": null,
        "rendered": Object {
          "instance": null,
          "key": undefined,
          "nodeType": "host",
          "props": Object {
            "children": <CircularLoader />,
            "style": Object {
              "height": "500px",
              "marginTop": "100px",
            },
          },
          "ref": null,
          "rendered": Object {
            "instance": null,
            "key": undefined,
            "nodeType": "function",
            "props": Object {},
            "ref": null,
            "rendered": null,
            "type": [Function],
          },
          "type": "div",
        },
        "type": "div",
      },
      "type": "div",
    },
  ],
  Symbol(enzyme.__options__): Object {
    "adapter": ReactSixteenAdapter {
      "options": Object {
        "enableComponentDidUpdateOnSetState": true,
      },
    },
  },
}
`;
