// Jest Snapshot v1, https://goo.gl/fbAQLP

exports[`MyEventCardHolder component MyEventCardHolder component should mount 1`] = `
ShallowWrapper {
  "length": 1,
  Symbol(enzyme.__root__): [Circular],
  Symbol(enzyme.__unrendered__): <MyEventCardHolder
    activeUser={
      Object {
        "isAuthenticated": true,
        "user": Object {
          "id": 1,
        },
      }
    }
    fetchSessionEventRequest={[Function]}
  />,
  Symbol(enzyme.__renderer__): Object {
    "batchedUpdates": [Function],
    "getNode": [Function],
    "render": [Function],
    "simulateEvent": [Function],
    "unmount": [Function],
  },
  Symbol(enzyme.__node__): Object {
    "instance": null,
    "key": undefined,
    "nodeType": "function",
    "props": Object {
      "children": <div
        className="container popular__events"
        style={
          Object {
            "minHeight": "90vh",
            "paddingTop": "64px",
          }
        }
      >
        <h4
          className="center-align"
        >
          My Events
        </h4>
        <div
          style={
            Object {
              "height": "500px",
              "marginTop": "100px",
            }
          }
        >
          <CircularLoader />
        </div>
      </div>,
    },
    "ref": null,
    "rendered": Object {
      "instance": null,
      "key": undefined,
      "nodeType": "host",
      "props": Object {
        "children": Array [
          <h4
            className="center-align"
          >
            My Events
          </h4>,
          <div
            style={
              Object {
                "height": "500px",
                "marginTop": "100px",
              }
            }
          >
            <CircularLoader />
          </div>,
        ],
        "className": "container popular__events",
        "style": Object {
          "minHeight": "90vh",
          "paddingTop": "64px",
        },
      },
      "ref": null,
      "rendered": Array [
        Object {
          "instance": null,
          "key": undefined,
          "nodeType": "host",
          "props": Object {
            "children": "My Events",
            "className": "center-align",
          },
          "ref": null,
          "rendered": "My Events",
          "type": "h4",
        },
        Object {
          "instance": null,
          "key": undefined,
          "nodeType": "host",
          "props": Object {
            "children": <CircularLoader />,
            "style": Object {
              "height": "500px",
              "marginTop": "100px",
            },
          },
          "ref": null,
          "rendered": Object {
            "instance": null,
            "key": undefined,
            "nodeType": "function",
            "props": Object {},
            "ref": null,
            "rendered": null,
            "type": [Function],
          },
          "type": "div",
        },
      ],
      "type": "div",
    },
    "type": Symbol(react.fragment),
  },
  Symbol(enzyme.__nodes__): Array [
    Object {
      "instance": null,
      "key": undefined,
      "nodeType": "function",
      "props": Object {
        "children": <div
          className="container popular__events"
          style={
            Object {
              "minHeight": "90vh",
              "paddingTop": "64px",
            }
          }
        >
          <h4
            className="center-align"
          >
            My Events
          </h4>
          <div
            style={
              Object {
                "height": "500px",
                "marginTop": "100px",
              }
            }
          >
            <CircularLoader />
          </div>
        </div>,
      },
      "ref": null,
      "rendered": Object {
        "instance": null,
        "key": undefined,
        "nodeType": "host",
        "props": Object {
          "children": Array [
            <h4
              className="center-align"
            >
              My Events
            </h4>,
            <div
              style={
                Object {
                  "height": "500px",
                  "marginTop": "100px",
                }
              }
            >
              <CircularLoader />
            </div>,
          ],
          "className": "container popular__events",
          "style": Object {
            "minHeight": "90vh",
            "paddingTop": "64px",
          },
        },
        "ref": null,
        "rendered": Array [
          Object {
            "instance": null,
            "key": undefined,
            "nodeType": "host",
            "props": Object {
              "children": "My Events",
              "className": "center-align",
            },
            "ref": null,
            "rendered": "My Events",
            "type": "h4",
          },
          Object {
            "instance": null,
            "key": undefined,
            "nodeType": "host",
            "props": Object {
              "children": <CircularLoader />,
              "style": Object {
                "height": "500px",
                "marginTop": "100px",
              },
            },
            "ref": null,
            "rendered": Object {
              "instance": null,
              "key": undefined,
              "nodeType": "function",
              "props": Object {},
              "ref": null,
              "rendered": null,
              "type": [Function],
            },
            "type": "div",
          },
        ],
        "type": "div",
      },
      "type": Symbol(react.fragment),
    },
  ],
  Symbol(enzyme.__options__): Object {
    "adapter": ReactSixteenAdapter {
      "options": Object {
        "enableComponentDidUpdateOnSetState": true,
      },
    },
  },
}
`;
